// Jest Snapshot v1, https://goo.gl/fbAQLP

exports[`Display renders empty wrapper if received empty array by default 1`] = `
<DocumentFragment>
  <div
    class="Display"
  />
</DocumentFragment>
`;
